[    0.000000] Initializing cgroup subsys cpuset
[    0.000000] Initializing cgroup subsys cpu
[    0.000000] Initializing cgroup subsys cpuacct
[    0.000000] Linux version 4.4.0-186-generic (buildd@lcy01-amd64-002) (gcc version 5.4.0 20160609 (Ubuntu 5.4.0-6ubuntu1~16.04.12) ) #216-Ubuntu SMP Wed Jul 1 05:34:05 UTC 2020 (Ubuntu 4.4.0-186.216-generic 4.4.228)
[    0.000000] Command line: BOOT_IMAGE=/boot/vmlinuz-4.4.0-186-generic root=LABEL=cloudimg-rootfs ro console=tty1 console=ttyS0
[    0.000000] KERNEL supported cpus:
[    0.000000]   Intel GenuineIntel
[    0.000000]   AMD AuthenticAMD
[    0.000000]   Centaur CentaurHauls
[    0.000000] x86/fpu: Legacy x87 FPU detected.
[    0.000000] e820: BIOS-provided physical RAM map:
[    0.000000] BIOS-e820: [mem 0x0000000000000000-0x000000000009fbff] usable
[    0.000000] BIOS-e820: [mem 0x000000000009fc00-0x000000000009ffff] reserved
[    0.000000] BIOS-e820: [mem 0x00000000000f0000-0x00000000000fffff] reserved
[    0.000000] BIOS-e820: [mem 0x0000000000100000-0x000000003ffeffff] usable
[    0.000000] BIOS-e820: [mem 0x000000003fff0000-0x000000003fffffff] ACPI data
[    0.000000] BIOS-e820: [mem 0x00000000fec00000-0x00000000fec00fff] reserved
[    0.000000] BIOS-e820: [mem 0x00000000fee00000-0x00000000fee00fff] reserved
[    0.000000] BIOS-e820: [mem 0x00000000fffc0000-0x00000000ffffffff] reserved
[    0.000000] NX (Execute Disable) protection: active
[    0.000000] SMBIOS 2.5 present.
[    0.000000] Hypervisor detected: KVM
[    0.000000] e820: last_pfn = 0x3fff0 max_arch_pfn = 0x400000000
[    0.000000] MTRR: Disabled
[    0.000000] x86/PAT: MTRRs disabled, skipping PAT initialization too.
[    0.000000] CPU MTRRs all blank - virtualized system.
[    0.000000] x86/PAT: Configuration [0-7]: WB  WT  UC- UC  WB  WT  UC- UC  
[    0.000000] found SMP MP-table at [mem 0x0009fff0-0x0009ffff] mapped at [ffff88000009fff0]
[    0.000000] Scanning 1 areas for low memory corruption
[    0.000000] RAMDISK: [mem 0x362e0000-0x37167fff]
[    0.000000] ACPI: Early table checksum verification disabled
[    0.000000] ACPI: RSDP 0x00000000000E0000 000024 (v02 VBOX  )
[    0.000000] ACPI: XSDT 0x000000003FFF0030 00003C (v01 VBOX   VBOXXSDT 00000001 ASL  00000061)
[    0.000000] ACPI: FACP 0x000000003FFF00F0 0000F4 (v04 VBOX   VBOXFACP 00000001 ASL  00000061)
[    0.000000] ACPI: DSDT 0x000000003FFF0470 002325 (v02 VBOX   VBOXBIOS 00000002 INTL 20100528)
[    0.000000] ACPI: FACS 0x000000003FFF0200 000040
[    0.000000] ACPI: FACS 0x000000003FFF0200 000040
[    0.000000] ACPI: APIC 0x000000003FFF0240 00005C (v02 VBOX   VBOXAPIC 00000001 ASL  00000061)
[    0.000000] ACPI: SSDT 0x000000003FFF02A0 0001CC (v01 VBOX   VBOXCPUT 00000002 INTL 20100528)
[    0.000000] No NUMA configuration found
[    0.000000] Faking a node at [mem 0x0000000000000000-0x000000003ffeffff]
[    0.000000] NODE_DATA(0) allocated [mem 0x3ffeb000-0x3ffeffff]
[    0.000000] kvm-clock: Using msrs 4b564d01 and 4b564d00
[    0.000000] kvm-clock: cpu 0, msr 0:3ffe3001, primary cpu clock
[    0.000000] kvm-clock: using sched offset of 4963697676 cycles
[    0.000000] clocksource: kvm-clock: mask: 0xffffffffffffffff max_cycles: 0x1cd42e4dffb, max_idle_ns: 881590591483 ns
[    0.000000] Zone ranges:
[    0.000000]   DMA      [mem 0x0000000000001000-0x0000000000ffffff]
[    0.000000]   DMA32    [mem 0x0000000001000000-0x000000003ffeffff]
[    0.000000]   Normal   empty
[    0.000000]   Device   empty
[    0.000000] Movable zone start for each node
[    0.000000] Early memory node ranges
[    0.000000]   node   0: [mem 0x0000000000001000-0x000000000009efff]
[    0.000000]   node   0: [mem 0x0000000000100000-0x000000003ffeffff]
[    0.000000] Initmem setup node 0 [mem 0x0000000000001000-0x000000003ffeffff]
[    0.000000] ACPI: PM-Timer IO Port: 0x4008
[    0.000000] IOAPIC[0]: apic_id 2, version 32, address 0xfec00000, GSI 0-23
[    0.000000] ACPI: INT_SRC_OVR (bus 0 bus_irq 0 global_irq 2 dfl dfl)
[    0.000000] ACPI: INT_SRC_OVR (bus 0 bus_irq 9 global_irq 9 low level)
[    0.000000] Using ACPI (MADT) for SMP configuration information
[    0.000000] smpboot: Allowing 2 CPUs, 0 hotplug CPUs
[    0.000000] PM: Registered nosave memory: [mem 0x00000000-0x00000fff]
[    0.000000] PM: Registered nosave memory: [mem 0x0009f000-0x0009ffff]
[    0.000000] PM: Registered nosave memory: [mem 0x000a0000-0x000effff]
[    0.000000] PM: Registered nosave memory: [mem 0x000f0000-0x000fffff]
[    0.000000] e820: [mem 0x40000000-0xfebfffff] available for PCI devices
[    0.000000] Booting paravirtualized kernel on KVM
[    0.000000] clocksource: refined-jiffies: mask: 0xffffffff max_cycles: 0xffffffff, max_idle_ns: 7645519600211568 ns
[    0.000000] setup_percpu: NR_CPUS:512 nr_cpumask_bits:512 nr_cpu_ids:2 nr_node_ids:1
[    0.000000] PERCPU: Embedded 33 pages/cpu @ffff88003fc00000 s95512 r8192 d31464 u1048576
[    0.000000] Built 1 zonelists in Node order, mobility grouping on.  Total pages: 257912
[    0.000000] Policy zone: DMA32
[    0.000000] Kernel command line: BOOT_IMAGE=/boot/vmlinuz-4.4.0-186-generic root=LABEL=cloudimg-rootfs ro console=tty1 console=ttyS0
[    0.000000] PID hash table entries: 4096 (order: 3, 32768 bytes)
[    0.000000] Memory: 997664K/1048120K available (8636K kernel code, 1337K rwdata, 4040K rodata, 1492K init, 1296K bss, 50456K reserved, 0K cma-reserved)
[    0.000000] SLUB: HWalign=64, Order=0-3, MinObjects=0, CPUs=2, Nodes=1
[    0.000000] Kernel/User page tables isolation: enabled
[    0.000000] Hierarchical RCU implementation.
[    0.000000] 	Build-time adjustment of leaf fanout to 64.
[    0.000000] 	RCU restricting CPUs from NR_CPUS=512 to nr_cpu_ids=2.
[    0.000000] RCU: Adjusting geometry for rcu_fanout_leaf=64, nr_cpu_ids=2
[    0.000000] NR_IRQS:33024 nr_irqs:440 16
[    0.000000] Console: colour VGA+ 80x25
[    0.000000] console [tty1] enabled
[    0.000000] console [ttyS0] enabled
[    0.000000] tsc: Detected 2304.006 MHz processor
[    0.518219] Calibrating delay loop (skipped) preset value.. 4608.01 BogoMIPS (lpj=9216024)
[    0.526807] pid_max: default: 32768 minimum: 301
[    0.530671] ACPI: Core revision 20150930
[    0.535123] ACPI: 2 ACPI AML tables successfully acquired and loaded
[    0.542651] Security Framework initialized
[    0.547247] Yama: becoming mindful.
[    0.550179] AppArmor: AppArmor initialized
[    0.553753] Dentry cache hash table entries: 131072 (order: 8, 1048576 bytes)
[    0.564611] Inode-cache hash table entries: 65536 (order: 7, 524288 bytes)
[    0.572698] Mount-cache hash table entries: 2048 (order: 2, 16384 bytes)
[    0.578685] Mountpoint-cache hash table entries: 2048 (order: 2, 16384 bytes)
[    0.587850] Initializing cgroup subsys io
[    0.591856] Initializing cgroup subsys memory
[    0.595660] Initializing cgroup subsys devices
[    0.599571] Initializing cgroup subsys freezer
[    0.603701] Initializing cgroup subsys net_cls
[    0.607474] Initializing cgroup subsys perf_event
[    0.611635] Initializing cgroup subsys net_prio
[    0.615893] Initializing cgroup subsys hugetlb
[    0.619811] Initializing cgroup subsys pids
[    0.624192] mce: CPU supports 0 MCE banks
[    0.627366] Last level iTLB entries: 4KB 64, 2MB 8, 4MB 8
[    0.631846] Last level dTLB entries: 4KB 64, 2MB 0, 4MB 0, 1GB 4
[    0.636546] Spectre V1 : Mitigation: usercopy/swapgs barriers and __user pointer sanitization
[    0.644719] Spectre V2 : Mitigation: Full generic retpoline
[    0.649121] Spectre V2 : Spectre v2 / SpectreRSB mitigation: Filling RSB on context switch
[    0.656758] Speculative Store Bypass: Vulnerable
[    0.661542] MDS: Mitigation: Clear CPU buffers
[    0.686071] Freeing SMP alternatives memory: 36K
[    0.735894] ftrace: allocating 32334 entries in 127 pages
[    1.308143] smpboot: APIC(0) Converting physical 0 to logical package 0
[    1.313848] smpboot: Max logical packages: 1
[    1.332418] ..TIMER: vector=0x30 apic1=0 pin1=2 apic2=-1 pin2=-1
[    1.447083] smpboot: CPU0: Intel(R) Core(TM) i5-8300H CPU @ 2.30GHz (family: 0x6, model: 0x9e, stepping: 0xa)
[    1.458205] Performance Events: unsupported p6 CPU model 158 no PMU driver, software events only.
[    1.515008] KVM setup paravirtual spinlock
[    1.522606] x86: Booting SMP configuration:
[    1.526425] .... node  #0, CPUs:      #1
[    1.531161] kvm-clock: cpu 1, msr 0:3ffe3041, secondary cpu clock
[    1.535209] mce: CPU supports 0 MCE banks
[    1.538248] TSC synchronization [CPU#0 -> CPU#1]:
[    1.542254] Measured 65320 cycles TSC warp between CPUs, turning off TSC clock.
[    1.547324] tsc: Marking TSC unstable due to check_tsc_sync_source failed
[    0.428982] x86: Booted up 1 node, 2 CPUs
[    0.432006] smpboot: Total of 2 processors activated (9216.02 BogoMIPS)
[    0.440582] devtmpfs: initialized
[    0.445463] evm: security.selinux
[    0.448005] evm: security.SMACK64
[    0.452002] evm: security.SMACK64EXEC
[    0.454616] evm: security.SMACK64TRANSMUTE
[    0.456012] evm: security.SMACK64MMAP
[    0.460006] evm: security.ima
[    0.464006] evm: security.capability
[    0.468397] clocksource: jiffies: mask: 0xffffffff max_cycles: 0xffffffff, max_idle_ns: 7645041785100000 ns
[    0.472039] futex hash table entries: 512 (order: 3, 32768 bytes)
[    0.476420] pinctrl core: initialized pinctrl subsystem
[    0.480295] RTC time: 11:12:07, date: 07/29/20
[    0.485207] NET: Registered protocol family 16
[    0.500014] cpuidle: using governor ladder
[    0.516010] cpuidle: using governor menu
[    0.519250] PCCT header not found.
[    0.524219] ACPI: bus type PCI registered
[    0.527536] acpiphp: ACPI Hot Plug PCI Controller Driver version: 0.5
[    0.528375] PCI: Using configuration type 1 for base access
[    0.556662] ACPI: Added _OSI(Module Device)
[    0.560006] ACPI: Added _OSI(Processor Device)
[    0.564004] ACPI: Added _OSI(3.0 _SCP Extensions)
[    0.568003] ACPI: Added _OSI(Processor Aggregator Device)
[    0.572993] ACPI: Executed 1 blocks of module-level executable AML code
[    0.582872] ACPI: Interpreter enabled
[    0.584022] ACPI: (supports S0 S5)
[    0.588005] ACPI: Using IOAPIC for interrupt routing
[    0.592275] PCI: Using host bridge windows from ACPI; if necessary, use "pci=nocrs" and report a bug
[    0.604000] ACPI: PCI Root Bridge [PCI0] (domain 0000 [bus 00-ff])
[    0.604017] acpi PNP0A03:00: _OSC: OS supports [ASPM ClockPM Segments MSI]
[    0.608597] acpi PNP0A03:00: _OSC: not requesting OS control; OS requires [ExtendedConfig ASPM ClockPM MSI]
[    0.612015] acpi PNP0A03:00: fail to add MMCONFIG information, can't access extended PCI configuration space under this bridge.
[    0.616518] PCI host bridge to bus 0000:00
[    0.620007] pci_bus 0000:00: root bus resource [io  0x0000-0x0cf7 window]
[    0.624010] pci_bus 0000:00: root bus resource [io  0x0d00-0xffff window]
[    0.628008] pci_bus 0000:00: root bus resource [mem 0x000a0000-0x000bffff window]
[    0.632007] pci_bus 0000:00: root bus resource [mem 0x40000000-0xfdffffff window]
[    0.636008] pci_bus 0000:00: root bus resource [bus 00-ff]
[    0.644540] pci 0000:00:01.1: legacy IDE quirk: reg 0x10: [io  0x01f0-0x01f7]
[    0.648005] pci 0000:00:01.1: legacy IDE quirk: reg 0x14: [io  0x03f6]
[    0.652007] pci 0000:00:01.1: legacy IDE quirk: reg 0x18: [io  0x0170-0x0177]
[    0.656007] pci 0000:00:01.1: legacy IDE quirk: reg 0x1c: [io  0x0376]
[    0.726210] pci 0000:00:07.0: quirk: [io  0x4000-0x403f] claimed by PIIX4 ACPI
[    0.748030] pci 0000:00:07.0: quirk: [io  0x4100-0x410f] claimed by PIIX4 SMB
[    0.777217] ACPI: PCI Interrupt Link [LNKA] (IRQs 5 9 10 *11)
[    0.824356] ACPI: PCI Interrupt Link [LNKB] (IRQs 5 9 *10 11)
[    0.840771] ACPI: PCI Interrupt Link [LNKC] (IRQs 5 *9 10 11)
[    0.856690] ACPI: PCI Interrupt Link [LNKD] (IRQs 5 9 10 *11)
[    0.872841] ACPI: Enabled 2 GPEs in block 00 to 07
[    0.884436] vgaarb: setting as boot device: PCI:0000:00:02.0
[    0.888000] vgaarb: device added: PCI:0000:00:02.0,decodes=io+mem,owns=io+mem,locks=none
[    0.908007] vgaarb: loaded
[    0.912004] vgaarb: bridge control possible 0000:00:02.0
[    0.924497] SCSI subsystem initialized
[    0.932185] ACPI: bus type USB registered
[    0.940029] usbcore: registered new interface driver usbfs
[    0.952051] usbcore: registered new interface driver hub
[    0.964129] usbcore: registered new device driver usb
[    0.972366] PCI: Using ACPI for IRQ routing
[    0.984773] NetLabel: Initializing
[    0.988005] NetLabel:  domain hash size = 128
[    0.996002] NetLabel:  protocols = UNLABELED CIPSOv4
[    1.004020] NetLabel:  unlabeled traffic allowed by default
[    1.008106] amd_nb: Cannot enumerate AMD northbridges
[    1.012298] clocksource: Switched to clocksource kvm-clock
[    1.054320] AppArmor: AppArmor Filesystem Enabled
[    1.058473] pnp: PnP ACPI init
[    1.062955] pnp: PnP ACPI: found 3 devices
[    1.075040] clocksource: acpi_pm: mask: 0xffffff max_cycles: 0xffffff, max_idle_ns: 2085701024 ns
[    1.084433] NET: Registered protocol family 2
[    1.089576] TCP established hash table entries: 8192 (order: 4, 65536 bytes)
[    1.095711] TCP bind hash table entries: 8192 (order: 5, 131072 bytes)
[    1.102242] TCP: Hash tables configured (established 8192 bind 8192)
[    1.108357] UDP hash table entries: 512 (order: 2, 16384 bytes)
[    1.113363] UDP-Lite hash table entries: 512 (order: 2, 16384 bytes)
[    1.119145] NET: Registered protocol family 1
[    1.123888] pci 0000:00:00.0: Limiting direct PCI/PCI transfers
[    1.129556] pci 0000:00:01.0: Activating ISA DMA hang workarounds
[    1.134827] Unpacking initramfs...
[    1.555613] Freeing initrd memory: 14880K
[    1.560732] clocksource: tsc: mask: 0xffffffffffffffff max_cycles: 0x2135fd711f6, max_idle_ns: 440795262176 ns
[    1.569432] platform rtc_cmos: registered platform RTC device (no PNP device found)
[    1.574849] Scanning for low memory corruption every 60 seconds
[    1.581589] audit: initializing netlink subsys (disabled)
[    1.586695] audit: type=2000 audit(1596021134.019:1): initialized
[    1.591756] Initialise system trusted keyring
[    1.597257] HugeTLB registered 2 MB page size, pre-allocated 0 pages
[    1.605382] zbud: loaded
[    1.608545] VFS: Disk quotas dquot_6.6.0
[    1.612263] VFS: Dquot-cache hash table entries: 512 (order 0, 4096 bytes)
[    1.618592] squashfs: version 4.0 (2009/01/31) Phillip Lougher
[    1.625443] fuse init (API version 7.23)
[    1.629002] Key type big_key registered
[    1.632129] Allocating IMA MOK and blacklist keyrings.
[    1.652643] Key type asymmetric registered
[    1.656015] Asymmetric key parser 'x509' registered
[    1.690467] Block layer SCSI generic (bsg) driver version 0.4 loaded (major 249)
[    1.698935] io scheduler noop registered
[    1.702355] io scheduler deadline registered (default)
[    1.706940] io scheduler cfq registered
[    1.710767] pci_hotplug: PCI Hot Plug PCI Core version: 0.5
[    1.715878] pciehp: PCI Express Hot Plug Controller Driver version: 0.4
[    1.723571] ACPI: AC Adapter [AC] (on-line)
[    1.727463] input: Power Button as /devices/LNXSYSTM:00/LNXPWRBN:00/input/input0
[    1.734800] ACPI: Power Button [PWRF]
[    1.738127] input: Sleep Button as /devices/LNXSYSTM:00/LNXSLPBN:00/input/input1
[    1.745387] ACPI: Sleep Button [SLPF]
[    1.750631] ACPI: Battery Slot [BAT0] (battery present)
[    1.756300] GHES: HEST is not enabled!
[    1.760410] Serial: 8250/16550 driver, 32 ports, IRQ sharing enabled
[    1.789173] 00:02: ttyS0 at I/O 0x3f8 (irq = 4, base_baud = 115200) is a 16550A
[    1.816577] Linux agpgart interface v0.103
[    1.836706] loop: module loaded
[    1.842374] scsi host0: ata_piix
[    1.846538] scsi host1: ata_piix
[    1.849815] ata1: PATA max UDMA/33 cmd 0x1f0 ctl 0x3f6 bmdma 0xd000 irq 14
[    1.853718] ata2: PATA max UDMA/33 cmd 0x170 ctl 0x376 bmdma 0xd008 irq 15
[    1.862213] libphy: Fixed MDIO Bus: probed
[    1.867452] tun: Universal TUN/TAP device driver, 1.6
[    1.873365] tun: (C) 1999-2004 Max Krasnyansky <maxk@qualcomm.com>
[    1.878861] PPP generic driver version 2.4.2
[    1.883526] ehci_hcd: USB 2.0 'Enhanced' Host Controller (EHCI) Driver
[    1.889495] ehci-pci: EHCI PCI platform driver
[    1.893471] ehci-platform: EHCI generic platform driver
[    1.898712] ohci_hcd: USB 1.1 'Open' Host Controller (OHCI) Driver
[    1.904087] ohci-pci: OHCI PCI platform driver
[    1.907426] ohci-platform: OHCI generic platform driver
[    1.912486] uhci_hcd: USB Universal Host Controller Interface driver
[    1.916897] i8042: PNP: PS/2 Controller [PNP0303:PS2K,PNP0f03:PS2M] at 0x60,0x64 irq 1,12
[    1.926900] serio: i8042 KBD port at 0x60,0x64 irq 1
[    1.931598] serio: i8042 AUX port at 0x60,0x64 irq 12
[    1.936760] mousedev: PS/2 mouse device common for all mice
[    1.944169] rtc_cmos rtc_cmos: rtc core: registered rtc_cmos as rtc0
[    1.950665] rtc_cmos rtc_cmos: alarms up to one day, 114 bytes nvram
[    1.957871] input: AT Translated Set 2 keyboard as /devices/platform/i8042/serio0/input/input2
[    1.964627] i2c /dev entries driver
[    1.968666] device-mapper: uevent: version 1.0.3
[    1.974363] device-mapper: ioctl: 4.34.0-ioctl (2015-10-28) initialised: dm-devel@redhat.com
[    1.980455] ledtrig-cpu: registered to indicate activity on CPUs
[    1.988938] NET: Registered protocol family 10
[    1.994843] NET: Registered protocol family 17
[    1.998748] Key type dns_resolver registered
[    2.004779] registered taskstats version 1
[    2.007653] Loading compiled-in X.509 certificates
[    2.012434] Loaded X.509 cert 'Build time autogenerated kernel key: cef5e81496c0efa51b848ab539e845ddf31c08be'
[    2.021294] zswap: loaded using pool lzo/zbud
[    2.073326] Key type trusted registered
[    2.084595] Key type encrypted registered
[    2.089149] AppArmor: AppArmor sha1 policy hashing enabled
[    2.093776] ima: No TPM chip found, activating TPM-bypass!
[    2.098094] ima: Allocated hash algorithm: sha1
[    2.102251] evm: HMAC attrs: 0x1
[    2.106525]   Magic number: 12:519:227
[    2.110352] acpi PNP0200:00: hash matches
[    2.113584] rtc_cmos rtc_cmos: setting system clock to 2020-07-29 11:12:09 UTC (1596021129)
[    2.121296] BIOS EDD facility v0.16 2004-Jun-25, 0 devices found
[    2.125795] EDD information not available.
[    2.131227] Freeing unused kernel memory: 1492K
[    2.148075] Write protecting the kernel read-only data: 14336k
[    2.154273] Freeing unused kernel memory: 1592K
[    2.158629] Freeing unused kernel memory: 56K
Loading, please wait...
starting version 229
[    2.188115] random: systemd-udevd: uninitialized urandom read (16 bytes read, 5 bits of entropy available)
[    2.189061] random: udevadm: uninitialized urandom read (16 bytes read, 5 bits of entropy available)
[    2.189142] random: udevadm: uninitialized urandom read (16 bytes read, 5 bits of entropy available)
[    2.200489] random: udevadm: uninitialized urandom read (16 bytes read, 5 bits of entropy available)
[    2.200522] random: udevadm: uninitialized urandom read (16 bytes read, 5 bits of entropy available)
[    2.200754] random: udevadm: uninitialized urandom read (16 bytes read, 5 bits of entropy available)
[    2.200825] random: udevadm: uninitialized urandom read (16 bytes read, 5 bits of entropy available)
[    2.200899] random: udevadm: uninitialized urandom read (16 bytes read, 5 bits of entropy available)
[    2.200977] random: udevadm: uninitialized urandom read (16 bytes read, 5 bits of entropy available)
[    2.201061] random: udevadm: uninitialized urandom read (16 bytes read, 5 bits of entropy available)
[    2.310458] e1000: Intel(R) PRO/1000 Network Driver - version 7.3.21-k8-NAPI
[    2.317057] e1000: Copyright (c) 1999-2006 Intel Corporation.
[    2.325805] Fusion MPT base driver 3.04.20
[    2.329890] Copyright (c) 1999-2008 LSI Corporation
[    2.349592] Fusion MPT SPI Host driver 3.04.20
[    2.571566] input: ImExPS/2 Generic Explorer Mouse as /devices/platform/i8042/serio1/input/input4
[    2.974662] e1000 0000:00:03.0 eth0: (PCI:33MHz:32-bit) 02:e5:f9:b1:f5:c2
[    2.981195] e1000 0000:00:03.0 eth0: Intel(R) PRO/1000 Network Connection
[    3.589604] e1000 0000:00:08.0 eth1: (PCI:33MHz:32-bit) 08:00:27:15:ac:65
[    3.596083] e1000 0000:00:08.0 eth1: Intel(R) PRO/1000 Network Connection
[    3.603554] e1000 0000:00:03.0 enp0s3: renamed from eth0
[    3.609330] mptbase: ioc0: Initiating bringup
[    3.628878] e1000 0000:00:08.0 enp0s8: renamed from eth1
[    3.678411] ioc0: LSI53C1030 A0: Capabilities={Initiator}
[    3.859443] scsi host2: ioc0: LSI53C1030 A0, FwRev=00000000h, Ports=1, MaxQ=256, IRQ=20
[    3.978431] scsi 2:0:0:0: Direct-Access     VBOX     HARDDISK         1.0  PQ: 0 ANSI: 5
[    3.987117] scsi target2:0:0: Beginning Domain Validation
[    3.998974] scsi target2:0:0: Domain Validation skipping write tests
[    4.005031] scsi target2:0:0: Ending Domain Validation
[    4.009690] scsi target2:0:0: asynchronous
[    4.015814] scsi 2:0:1:0: Direct-Access     VBOX     HARDDISK         1.0  PQ: 0 ANSI: 5
[    4.024507] scsi target2:0:1: Beginning Domain Validation
[    4.035644] scsi target2:0:1: Domain Validation skipping write tests
[    4.042212] scsi target2:0:1: Ending Domain Validation
[    4.046793] scsi target2:0:1: asynchronous
[    4.077869] sd 2:0:0:0: Attached scsi generic sg0 type 0
[    4.084627] sd 2:0:0:0: [sda] 20971520 512-byte logical blocks: (10.7 GB/10.0 GiB)
[    4.085071] sd 2:0:1:0: Attached scsi generic sg1 type 0
[    4.112732] sd 2:0:1:0: [sdb] 20480 512-byte logical blocks: (10.5 MB/10.0 MiB)
[    4.113461] sd 2:0:1:0: [sdb] Write Protect is off
[    4.113938] sd 2:0:1:0: [sdb] Incomplete mode parameter data
[    4.113939] sd 2:0:1:0: [sdb] Assuming drive cache: write through
[    4.126323] sd 2:0:1:0: [sdb] Attached SCSI disk
[    4.142096] sd 2:0:0:0: [sda] Write Protect is off
[    4.146908] sd 2:0:0:0: [sda] Incomplete mode parameter data
[    4.152635] sd 2:0:0:0: [sda] Assuming drive cache: write through
[    4.161371]  sda: sda1
[    4.166074] sd 2:0:0:0: [sda] Attached SCSI disk
Begin: Loading essential drivers ... [    6.156323] md: linear personality registered for level -1
[    6.167137] md: multipath personality registered for level -4
[    6.177977] md: raid0 personality registered for level 0
[    6.197397] md: raid1 personality registered for level 1
[    6.276333] raid6: sse2x1   gen() 12238 MB/s
[    6.348570] raid6: sse2x1   xor()  9145 MB/s
[    6.420017] raid6: sse2x2   gen() 13803 MB/s
[    6.492792] raid6: sse2x2   xor() 10194 MB/s
[    6.560659] raid6: sse2x4   gen() 16566 MB/s
[    6.632015] raid6: sse2x4   xor() 11187 MB/s
[    6.636439] raid6: using algorithm sse2x4 gen() 16566 MB/s
[    6.640266] raid6: .... xor() 11187 MB/s, rmw enabled
[    6.643583] raid6: using ssse3x2 recovery algorithm
[    6.650774] xor: measuring software checksum speed
[   11.903827]    prefetch64-sse: 810038.704 MB/sec
[   12.010822]    generic_sse: 51854.000 MB/sec
[   12.015212] xor: using function: prefetch64-sse (810038.704 MB/sec)
[   12.023125] async_tx: api initialized (async)
[   12.066721] md: raid6 personality registered for level 6
[   12.071778] md: raid5 personality registered for level 5
[   12.076282] md: raid4 personality registered for level 4
[   12.099147] md: raid10 personality registered for level 10
done.
Begin: Running /scripts/init-premount ... done.
Begin: Mounting root file system ... Begin: Running /scripts/local-top ... done.
Begin: Running /scripts/local-premount ... [   12.173439] Btrfs loaded
Scanning for Btrfs filesystems
done.
Warning: fsck not present, so skipping root file system
[   12.335794] EXT4-fs (sda1): mounted filesystem with ordered data mode. Opts: (null)
done.
Begin: Running /scripts/local-bottom ... done.
Begin: Running /scripts/init-bottom ... done.
[   12.997119] random: nonblocking pool is initialized
[   13.265083] systemd[1]: systemd 229 running in system mode. (+PAM +AUDIT +SELINUX +IMA +APPARMOR +SMACK +SYSVINIT +UTMP +LIBCRYPTSETUP +GCRYPT +GNUTLS +ACL +XZ -LZ4 +SECCOMP +BLKID +ELFUTILS +KMOD -IDN)
[   13.280033] systemd[1]: Detected virtualization oracle.
[   13.283905] systemd[1]: Detected architecture x86-64.

Welcome to [1mUbuntu 16.04.6 LTS[0m!

[   13.342544] systemd[1]: Set hostname to <ubuntu>.
[   13.379649] systemd[1]: Initializing machine ID from random generator.
[   13.383451] systemd[1]: Installed transient /etc/machine-id file.
[   14.151802] systemd[1]: Listening on udev Kernel Socket.
[[0;32m  OK  [0m] Listening on udev Kernel Socket.
[   14.161142] systemd[1]: Listening on Journal Socket (/dev/log).
[[0;32m  OK  [0m] Listening on Journal Socket (/dev/log).
[   14.169671] systemd[1]: Set up automount Arbitrary Executable File Formats File System Automount Point.
[[0;32m  OK  [0m] Set up automount Arbitrary Executab...ats File System Automount Point.
[   14.180777] systemd[1]: Listening on LVM2 poll daemon socket.
[[0;32m  OK  [0m] Listening on LVM2 poll daemon socket.
[   14.188783] systemd[1]: Listening on Syslog Socket.
[[0;32m  OK  [0m] Listening on Syslog Socket.
[   14.195134] systemd[1]: Listening on Journal Socket.
[[0;32m  OK  [0m] Listening on Journal Socket.
[   14.203200] systemd[1]: Listening on LVM2 metadata daemon socket.
[[0;32m  OK  [0m] Listening on LVM2 metadata daemon socket.
[   14.211381] systemd[1]: Listening on /dev/initctl Compatibility Named Pipe.
[[0;32m  OK  [0m] Listening on /dev/initctl Compatibility Named Pipe.
[   14.222476] systemd[1]: Reached target System Time Synchronized.
[[0;32m  OK  [0m] Reached target System Time Synchronized.
[   14.229820] systemd[1]: Created slice System Slice.
[[0;32m  OK  [0m] Created slice System Slice.
[   14.249164] systemd[1]: Starting Uncomplicated firewall...
         Starting Uncomplicated firewall...
[   14.285229] systemd[1]: Starting Load Kernel Modules...
         Starting Load Kernel Modules...
[   14.301288] systemd[1]: Created slice system-serial\x2dgetty.slice.
[[0;32m  OK  [0m] Created slice system-serial\x2dgetty.slice.
[   14.310895] systemd[1]: Starting Create list of required static device nodes for the current kernel...
         Starting Create list of required st... nodes for the current kernel...
[   14.369001] systemd[1]: Mounting Huge Pages File System...
         Mounting Huge Pages File System...
[   14.379395] systemd[1]: Started Forward Password Requests to Wall Directory Watch.
[[0;32m  OK  [0m] Started Forward Password Requests to Wall Directory Watch.
[   14.394536] systemd[1]: Reached target User and Group Name Lookups.
[[0;32m  OK  [0m] Reached target User and Group Name Lookups.
[   14.404341] systemd[1]: Starting Remount Root and Kernel File Systems...
         Starting Remount Root and Kernel File Systems...
[   14.415796] systemd[1]: Listening on udev Control Socket.
[[0;32m  OK  [0m] Listening on udev Control Socket.
[   14.425100] systemd[1]: Reached target Encrypted Volumes.
[[0;32m  OK  [0m] Reached target Encrypted Volumes.
[   14.437135] systemd[1]: Created slice User and Session Slice.
[   14.437259] EXT4-fs (sda1): re-mounted. Opts: (null)
[   14.448840] Loading iSCSI transport class v2.0-870.
[[0;32m  OK  [0m] Created slice User and Session Slice.
[   14.456362] systemd[1]: Reached target Slices.
[[0;32m  OK  [0m] Reached target Slices.
[   14.462162] systemd[1]: Listening on Journal Audit Socket.
[[0;32m  OK  [0m] Listening on Journal Audit Socket.
[   14.483454] iscsi: registered transport (tcp)
[   14.492311] systemd[1]: Starting Journal Service...
         Starting Journal Service...
[   14.510595] systemd[1]: Mounting Debug File System...
         Mounting Debug File System...
[   14.522621] systemd[1]: Mounting POSIX Message Queue File System...
         Mounting POSIX Message Queue File System...
[   14.535320] systemd[1]: Starting Set console keymap...
         Starting Set console keymap...
[   14.544998] systemd[1]: Listening on Device-mapper event daemon FIFOs.
[[0;32m  OK  [0m] Listening on Device-mapper event daemon FIFOs.
[   14.561942] systemd[1]: Starting Monitoring of LVM2 mirrors, snapshots etc. using dmeventd or progress polling...
         Starting Monitoring of LVM2 mirrors... dmeventd or progress polling...
[   14.588878] systemd[1]: Starting Nameserver information manager...
         Starting Nameserver information manager...
[   14.609050] systemd[1]: Reached target Swap.
[[0;32m  OK  [0m] Reached target Swap.
[   14.619462] systemd[1]: Started Trigger resolvconf update for networkd DNS.
[[0;32m  OK  [0m] Started Trigger resolvconf update for networkd DNS.
[   14.650694] systemd[1]: Mounted POSIX Message Queue File System.
[[0;32m  OK  [0m] Mounted POSIX Message Queue File System.
[   14.665903] systemd[1]: Mounted Debug File System.
[[0;32m  OK  [0m] Mounted Debug File System.
[   14.686277] systemd[1]: Mounted Huge Pages File System.
[[0;32m  OK  [0m] Mounted Huge Pages File System.
[   14.696251] systemd[1]: Started Uncomplicated firewall.
[[0;32m  OK  [0m] Started Uncomplicated firewall.
[   14.707535] systemd[1]: Started Create list of required static device nodes for the current kernel.
[[0;32m  OK  [0m] Started Create list of required sta...ce nodes for the current kernel.
[   14.726207] systemd[1]: Started Remount Root and Kernel File Systems.
[[0;32m  OK  [0m] Started Remount Root and Kernel File Systems.
[   14.740923] systemd[1]: Started Set console keymap.
[[0;32m  OK  [0m] Started Set console keymap.
[   14.756995] iscsi: registered transport (iser)
[   14.769801] systemd[1]: Started Load Kernel Modules.
[[0;32m  OK  [0m] Started Load Kernel Modules.
[   14.779115] systemd[1]: Started Journal Service.
[[0;32m  OK  [0m] Started Journal Service.
[[0;32m  OK  [0m] Started LVM2 metadata daemon.
         Mounting FUSE Control File System...
         Starting Apply Kernel Variables...
         Starting Flush Journal to Persistent Storage...
         Starting udev Coldplug all Devices...
         Starting Load/Save Random Seed...
         Starting Create Static Device Nodes in /dev...
[[0;32m  OK  [0m] Mounted FUSE Control File System.
[[0;32m  OK  [0m] Started Nameserver information manager.
[   14.931389] systemd-journald[366]: Received request to flush runtime journal from PID 1
[[0;32m  OK  [0m] Started Load/Save Random Seed.
[[0;32m  OK  [0m] Started Flush Journal to Persistent Storage.
[[0;32m  OK  [0m] Started udev Coldplug all Devices.
[[0;32m  OK  [0m] Started Apply Kernel Variables.
[[0;32m  OK  [0m] Started Create Static Device Nodes in /dev.
         Starting udev Kernel Device Manager...
[[0;32m  OK  [0m] Started Monitoring of LVM2 mirrors,...ng dmeventd or progress polling.
[[0;32m  OK  [0m] Reached target Local File Systems (Pre).
[[0;32m  OK  [0m] Reached target Local File Systems.
         Starting Initial cloud-init job (pre-networking)...
         Starting LSB: AppArmor initialization...
         Starting Tell Plymouth To Write Out Runtime Data...
         Starting Commit a transient machine-id on disk...
         Starting Create Volatile Files and Directories...
         Starting Set console font and keymap...
[[0;32m  OK  [0m] Started Create Volatile Files and Directories.
         Starting Update UTMP about System Boot/Shutdown...
[[0;32m  OK  [0m] Started Commit a transient machine-id on disk.
[[0;32m  OK  [0m] Started Tell Plymouth To Write Out Runtime Data.
[[0;32m  OK  [0m] Started udev Kernel Device Manager.
[[0;32m  OK  [0m] Started Dispatch Password Requests to Console Directory Watch.
[[0;32m  OK  [0m] Started Update UTMP about System Boot/Shutdown.
[[0;32m  OK  [0m] Found device /dev/ttyS0.
[[0;32m  OK  [0m] Listening on Load/Save RF Kill Switch Status /dev/rfkill Watch.
[[0;32m  OK  [0m] Started Set console font and keymap.
[[0;32m  OK  [0m] Created slice system-getty.slice.
[[0;32m  OK  [0m] Started LSB: AppArmor initialization.
         Starting Load AppArmor profiles managed internally by snapd...
[[0;32m  OK  [0m] Started Load AppArmor profiles managed internally by snapd.
[   21.029844] cloud-init[443]: Cloud-init v. 20.2-45-g5f7825e2-0ubuntu1~16.04.1 running 'init-local' at Wed, 29 Jul 2020 11:12:27 +0000. Up 20.37 seconds.
[[0;32m  OK  [0m] Started Initial cloud-init job (pre-networking).
[[0;32m  OK  [0m] Reached target Network (Pre).
         Starting Raise network interfaces...
[[0;32m  OK  [0m] Started Raise network interfaces.
[[0;32m  OK  [0m] Reached target Network.
         Starting Initial cloud-init job (metadata service crawler)...
[   23.768240] cloud-init[942]: Cloud-init v. 20.2-45-g5f7825e2-0ubuntu1~16.04.1 running 'init' at Wed, 29 Jul 2020 11:12:29 +0000. Up 21.98 seconds.
[   23.780791] cloud-init[942]: ci-info: ++++++++++++++++++++++++++++++++++++++Net device info+++++++++++++++++++++++++++++++++++++++
[   23.789792] cloud-init[942]: ci-info: +--------+-------+----------------------------+---------------+--------+-------------------+
[   23.797521] cloud-init[942]: ci-info: | Device |   Up  |          Address           |      Mask     | Scope  |     Hw-Address    |
[   23.805526] cloud-init[942]: [[0;32m  OK  [0m] Started Initial cloud-init job (metadata service crawler).
[[0;32m  OK  [0m] Reached target Network is Online.
ci-info: +--------+-------+----------------------------+---------------+--------+-------------------+
[   23.816806] cloud-init[942]:          Starting iSCSI initiator daemon (iscsid)...
[[0;32m  OK  [0m] Reached target Cloud-config availability.
[[0;32m  OK  [0m] Reached target System Initialization.
ci-info: | enp0s3 |  True |         10.0.2.15          | 255.255.255.0 | global | 02:e5:f9:b1:f5:c2 |
[   23.829604] cloud-init[942]: ci-info: | enp0s3 |  True | fe80::e5:f9ff:feb1:f5c2/64 |       .       |  link  | 02:e5:f9:b1:f5:c2 |         Starting LXD - unix socket.
[[0;32m  OK  [0m] Listening on D-Bus System Message Bus Socket.

[   23.840921] cloud-init[942]: ci-info: | enp0s8 | False |             .              |       .       |   .    | 08:00:27:15:ac:65 |
[   23.848044] cloud-init[942]: ci-info: |   lo   |  True |         127.0.0.1          |   255.0.0.0   |  host  |         .         |
[   23.856118] cloud-init[942]: ci-info: |   lo   |  True |          ::1/128           |       .       |  host  |         .         |
[   23.864005] cloud-init[942]: ci-info: +--------+-------+----------------------------+---------------+--------+-------------------+
[   23.871922] cloud-init[942]: ci-info: +++++++++++++++++++++++++++Route IPv4 info++++++++++++++++++++++++++++[[0;32m  OK  [0m] Started ACPI Events Check.
[[0;32m  OK  [0m] Reached target Paths.
[[0;32m  OK  [0m] Started Daily apt download activities.
[[0;32m  OK  [0m] Listening on ACPID Listen Socket.
[[0;32m  OK  [0m] Started Daily Cleanup of Temporary Directories.
[[0;32m  OK  [0m] Started Message of the Day.
[[0;32m  OK  [0m] Listening on UUID daemon activation socket.
[[0;32m  OK  [0m] Started Daily apt upgrade and clean activities.
[[0;32m  OK  [0m] Reached target Timers.
         Starting Socket activation for snappy daemon.
[[0;32m  OK  [0m] Listening on LXD - unix socket.
[[0;32m  OK  [0m] Listening on Socket activation for snappy daemon.
[[0;32m  OK  [0m] Reached target Sockets.
[[0;32m  OK  [0m] Reached target Basic System.

[   23.900848] cloud-init[942]: ci-info: +-------+-------------+----------+---------------+-----------+-------+
[   23.907627] cloud-init[942]: ci-info: | Route | Destination | Gateway  |    Genmask    | Interface | Flags |[[0;32m  OK  [0m] Started FUSE filesystem for LXC.
         Starting LSB: Record successful boot for GRUB...
         Starting LSB: MD monitoring daemon...

[   23.923232] cloud-init[942]: ci-info: +-------+-------------+----------+---------------+-----------+-------+
[   23.936519] [[0;32m  OK  [0m] Started ACPI event daemon.
cloud-init[942]: ci-info: |   0   |   0.0.0.0   | 10.0.2.2 |    0.0.0.0    |   enp0s3  |   UG  |
[   23.943985] cloud-init[942]: ci-info: |   1   |   10.0.2.0  | 0.0.0.0  | 255.255.255.0 |   enp0s3  |   U   |         Starting LXD - container startup/shutdown...
[[0;32m  OK  [0m] Started Deferred execution scheduler.
         Starting Login Service...
         Starting /etc/rc.local Compatibility...
[[0;32m  OK  [0m] Started D-Bus System Message Bus.

[   23.964484] cloud-init[942]: ci-info: +-------+-------------+----------+---------------+-----------+-------+
[   23.973756] cloud-init[942]: ci-info: +++++++++++++++++++Route IPv6 info+++++++++++++++++++
[   23.981365] cloud-init[942]: ci-info: +-------+-------------+---------+-----------+-------+
[   23.989069] cloud-init[942]: ci-info: | Route | Destination | Gateway | Interface | Flags |
[   23.995012] cloud-init[942]: ci-info: +-------+-------------+---------+-----------+-------+
[   24.001906] cloud-init[942]: ci-info: |   0   |  fe80::/64  |    ::   |   enp0s3  |   U   |
[   24.008006] cloud-init[942]: ci-info: |   3   |   ff00::/8  |    ::   |   enp0s3  |   U   |
[   24.014490] cloud-init[942]: ci-info: +-------+-------------+---------+-----------+-------+
[   24.022549] cloud-init[942]: Generating public/private rsa key pair.
[   24.028064] cloud-init[942]: Your identification has been saved in /etc/ssh/ssh_host_rsa_key.
[   24.035318] cloud-init[942]: Your public key has been saved in /etc/ssh/ssh_host_rsa_key.pub.
[   24.042430] cloud-init[942]: The key fingerprint is:
[   24.048420] cloud-init[942]: SHA256:ooDyOH4MENUzwl3Te7pcYr4pMxVL3Vu66I2SoPNdNhw root@ubuntu-xenial
[   24.056933] cloud-init[942]: The key's randomart image is:
[   24.062631] cloud-init[942]: +---[RSA 2048]----+
[   24.068166] cloud-init[942]: | o.o .o.         |
[   24.074304] cloud-init[942]: |. o =  ..        |
[   24.079866] cloud-init[942]: | . . o   o .     |
[   24.087385] cloud-init[942]: |..      + o . .  |
[   24.093511] cloud-init[942]: |+ .   ..S=E  +   |
[   24.098200] cloud-init[942]: |.+ . ...*...o    |
[   24.103717] cloud-init[942]: |o + .. * ==. .   |
[   24.110706] cloud-init[942]: |.. oo +.*+.+.    |
[   24.115953] cloud-init[942]: | ..  o.+++o .    |
[   24.122248] cloud-init[942]: +----[SHA256]-----+
[   24.127847] cloud-init[942]: Generating public/private dsa key pair.
[   24.134306] cloud-init[942]: Your identification has been saved in /etc/ssh/ssh_host_dsa_key.
[   24.142514] cloud-init[942]: Your public key has been saved in /etc/ssh/ssh_host_dsa_key.pub.
[   24.149146] cloud-init[942]: The key fingerprint is:
[   24.154815] cloud-init[942]: SHA256:zJKu0xfWdIKDz1p+0+BESA/L2AfnyPRqtYA3Sj9R0RA root@ubuntu-xenial
[   24.161490] cloud-init[942]: The key's randomart image is:
[   24.166726] cloud-init[942]: +---[DSA 1024]----+
[   24.172464] cloud-init[942]: |          E=     |
[   24.185213] cloud-init[942]: |        = o .    |
[   24.191578] cloud-init[942]: |       X &       |
[   24.196696] cloud-init[942]: |      =+# X .    |
[   24.201726] cloud-init[942]: |     .o*S% +     |
[   24.206989] cloud-init[942]: |     ...@ =      |
[   24.212096] cloud-init[942]: |     ..* = o     |
[   24.217027] cloud-init[942]: |    ..o o + .    |
[   24.226544] cloud-init[942]: |    .. . . .     |
[   24.232018] cloud-init[942]: +----[SHA256]-----+
[   24.237257] cloud-init[942]: Generating public/private ecdsa key pair.
[   24.242802] cloud-init[942]: Your identification has been saved in /etc/ssh/ssh_host_ecdsa_key.
[   24.249248] cloud-init[942]: Your public key has been saved in /etc/ssh/ssh_host_ecdsa_key.pub.
[   24.257090] cloud-init[942]: The key fingerprint is:
[   24.262431] cloud-init[942]: SHA256:w7c3Wndhnij78/VrcthbNDRhiGQZ87XYme2V8m1Hc9I root@ubuntu-xenial
[   24.269112] cloud-init[942]: The key's randomart image is:
[   24.274356] cloud-init[942]: +---[ECDSA 256]---+
[   24.279714] cloud-init[942]: |          .=+ .+ |
[   24.285835] cloud-init[942]: |          .oo.=.B|
[   24.291061] cloud-init[942]: |             +.XE|
[   24.299265] cloud-init[942]: |       .      ++*|
[   24.310232] cloud-init[942]: |        S .    =*|
[   24.321318] cloud-init[942]: |         o .  +o=|
[   24.329391] cloud-init[942]: |          ..+.+o+|
[   24.334226] cloud-init[942]: |           +o* =+|
[   24.338964] cloud-init[942]: |          ....*++|
[   24.344416] cloud-init[942]: +----[SHA256]-----+
[   24.349154] cloud-init[942]: Generating public/private ed25519 key pair.
[   24.360935] cloud-init[942]: Your identification has been saved in /etc/ssh/ssh_host_ed25519_key.
[   24.366862] cloud-init[942]: Your public key has been saved in /etc/ssh/ssh_host_ed25519_key.pub.
[   24.373886] cloud-init[942]: The key fingerprint is:
[   24.381071] cloud-init[942]: SHA256:4EamlVnzeR4iENLS7qI+5IDVaCgP1Lfyashq01W2WaU root@ubuntu-xenial
[   24.388139] cloud-init[942]: The key's randomart image is:
[   24.394010] cloud-init[942]: +--[ED25519 256]--+
[   24.398788] cloud-init[942]: |  . .oo.o        |
[   24.409248] cloud-init[942]: | . ..oo= o o     |
[   24.414476] cloud-init[942]: |.. o.oO . * o    |
[   24.420150] cloud-init[942]: |+ +..B.+ E + .   |
[   24.429378] cloud-init[942]: |o=  +.= S   .    |
[   24.434336] cloud-init[942]: |o o .+.o         |
[   24.439593] cloud-init[942]: |.+o.o.           |
[   24.444930] cloud-init[942]: | =++             |
[   24.452727] cloud-init[942]: |+.+.             |
[   24.457753] cloud-init[942]: +----[SHA256]-----+
         Starting System Logging Service...
         Starting Pollinate to seed the pseudo random number generator...
         Starting Virtualbox guest utils...
[[0;32m  OK  [0m] Started Regular background program processing daemon.
         Starting Snap Daemon...
         Starting Accounts Service...
[[0;32m  OK  [0m] Started /etc/rc.local Compatibility.
[[0;32m  OK  [0m] Started Login Service.
[[0;32m  OK  [0m] Started Unattended Upgrades Shutdown.
[[0;32m  OK  [0m] Started iSCSI initiator daemon (iscsid).
         Starting Login to default iSCSI targets...
[[0;32m  OK  [0m] Started LSB: MD monitoring daemon.
[[0;32m  OK  [0m] Started System Logging Service.
[[0;32m  OK  [0m] Started LSB: Record successful boot for GRUB.
[[0;32m  OK  [0m] Started Login to default iSCSI targets.
[[0;32m  OK  [0m] Reached target Remote File Systems (Pre).
[[0;32m  OK  [0m] Reached target Remote File Systems.
         Starting LSB: automatic crash report generation...
         Starting LSB: Set the CPU Frequency Scaling governor to "ondemand"...
         Starting LSB: daemon to balance interrupts for SMP systems...
         Starting Permit User Sessions...
[[0;32m  OK  [0m] Started LSB: Set the CPU Frequency Scaling governor to "ondemand".
[[0;32m  OK  [0m] Started Permit User Sessions.
         Starting Terminate Plymouth Boot Screen...
         Starting Hold until boot process finishes up...
[[0;32m  OK  [0m] Started LSB: automatic crash report generation.
[[0;32m  OK  [0m] Started Terminate Plymouth Boot Screen.
[[0;32m  OK  [0m] Started Hold until boot process finishes up.
[[0;32m  OK  [0m] Started Getty on tty1.
         Starting Set console scheme...
[[0;32m  OK  [0m] Started Serial Getty on ttyS0.
[[0;32m  OK  [0m] Reached target Login Prompts.
[[0;32m  OK  [0m] Started LSB: daemon to balance interrupts for SMP systems.
[[0;32m  OK  [0m] Started Set console scheme.
         Starting Authenticate and Authorize Users to Run Privileged Tasks...
[[0;32m  OK  [0m] Started Virtualbox guest utils.
[[0;32m  OK  [0m] Started Authenticate and Authorize Users to Run Privileged Tasks.
[[0;32m  OK  [0m] Started Accounts Service.
[[0;32m  OK  [0m] Started LXD - container startup/shutdown.
[[0;32m  OK  [0m] Started Snap Daemon.
         Starting Wait until snapd is fully seeded...
[[0;32m  OK  [0m] Started Pollinate to seed the pseudo random number generator.
         Starting OpenBSD Secure Shell server...
[[0;32m  OK  [0m] Started OpenBSD Secure Shell server.

Ubuntu 16.04.6 LTS ubuntu-xenial ttyS0

ubuntu-xenial login: [   31.778744] cloud-init[1313]: Generating locales (this might take a while)...
[   33.742903] cloud-init[1313]:   en_US.UTF-8... done
[   33.743438] cloud-init[1313]: Generation complete.
[   40.860614] cloud-init[1313]: Cloud-init v. 20.2-45-g5f7825e2-0ubuntu1~16.04.1 running 'modules:config' at Wed, 29 Jul 2020 11:12:38 +0000. Up 31.28 seconds.
ci-info: no authorized SSH keys fingerprints found for user ubuntu.
<14>Jul 29 11:12:48 ec2: 
<14>Jul 29 11:12:48 ec2: #############################################################
<14>Jul 29 11:12:48 ec2: -----BEGIN SSH HOST KEY FINGERPRINTS-----
<14>Jul 29 11:12:48 ec2: 1024 SHA256:zJKu0xfWdIKDz1p+0+BESA/L2AfnyPRqtYA3Sj9R0RA root@ubuntu-xenial (DSA)
<14>Jul 29 11:12:48 ec2: 256 SHA256:w7c3Wndhnij78/VrcthbNDRhiGQZ87XYme2V8m1Hc9I root@ubuntu-xenial (ECDSA)
<14>Jul 29 11:12:48 ec2: 256 SHA256:4EamlVnzeR4iENLS7qI+5IDVaCgP1Lfyashq01W2WaU root@ubuntu-xenial (ED25519)
<14>Jul 29 11:12:48 ec2: 2048 SHA256:ooDyOH4MENUzwl3Te7pcYr4pMxVL3Vu66I2SoPNdNhw root@ubuntu-xenial (RSA)
<14>Jul 29 11:12:48 ec2: -----END SSH HOST KEY FINGERPRINTS-----
<14>Jul 29 11:12:48 ec2: #############################################################
-----BEGIN SSH HOST KEY KEYS-----
ecdsa-sha2-nistp256 AAAAE2VjZHNhLXNoYTItbmlzdHAyNTYAAAAIbmlzdHAyNTYAAABBBLP2xwaJXRJTbVHYFHpKqPIIolCSGQNbK/QbY+QkPpJ8A88gnrK9Tjxg0//TT+eUo2kZIRGEA9ohkhSfd9/YdR4= root@ubuntu-xenial
ssh-ed25519 AAAAC3NzaC1lZDI1NTE5AAAAINUcIfZdLEKx4CpCCkqb/DBhZF10fv9PmU2tdFmu5HUY root@ubuntu-xenial
ssh-rsa AAAAB3NzaC1yc2EAAAADAQABAAABAQDbj7Qpmw6kcy7qHn3v60LwULSFMUSm5rHORJGUn3oTYMzYmlqr7bs4YiTcMD65RfYanSdC9szM4dqxuNBnjMheSuMFwTynsJdFZVSsDQBBDnPoFlgzYu0qzro/0cFraOdVMBJZ30JvrUxWw5XfeWAWKlHUg9TtCyX+PzUUX6xi4HVcyAAJe+q1tiiUPTaT9MKGp5xjnDYtfbcjzbn1r8yYU+1DUqXxYsyaoXGM0a2FAO334o1XLfnmjM/YNH9hALdZsSHZF67tMGQ85HX6fZcyjAIRhiLHi8REx8rFk4iz97a228i2ftptBMZgS+eZNh+OZkHguVtPE8XXHd4R8nVf root@ubuntu-xenial
-----END SSH HOST KEY KEYS-----
[   41.567234] cloud-init[1540]: Cloud-init v. 20.2-45-g5f7825e2-0ubuntu1~16.04.1 running 'modules:final' at Wed, 29 Jul 2020 11:12:48 +0000. Up 41.20 seconds.
[   41.575573] cloud-init[1540]: ci-info: no authorized SSH keys fingerprints found for user ubuntu.
[   41.577475] cloud-init[1540]: Cloud-init v. 20.2-45-g5f7825e2-0ubuntu1~16.04.1 finished at Wed, 29 Jul 2020 11:12:48 +0000. Datasource DataSourceNoCloud [seed=/dev/sdb][dsmode=net].  Up 41.52 seconds
